// Jest Snapshot v1, https://goo.gl/fbAQLP

exports[`FlexWrapper component Render FlexWrapper component 1`] = `
<DocumentFragment>
  .c0 {
  display: -webkit-box;
  display: -webkit-flex;
  display: -ms-flexbox;
  display: flex;
  -webkit-flex-direction: initial;
  -ms-flex-direction: initial;
  flex-direction: initial;
  -webkit-box-pack: initial;
  -webkit-justify-content: initial;
  -ms-flex-pack: initial;
  justify-content: initial;
  -webkit-align-items: initial;
  -webkit-box-align: initial;
  -ms-flex-align: initial;
  align-items: initial;
}

<div
    class="c0"
  />
</DocumentFragment>
`;
